// Jest Snapshot v1, https://goo.gl/fbAQLP

exports[`SingleRecipe snapshot should correct renderer 1`] = `
<div
  className="col-1m mx-auto col-md-6 col-lg-4 my-3"
>
  <div
    className="card"
    style={
      Object {
        "height": "100%",
      }
    }
  >
    <img
      alt="img"
      className="img-card-top"
      id="123"
      src="imageUrl"
      style={
        Object {
          "height": "14rem",
        }
      }
    />
    <div
      className="card-body text-capitalize"
    >
      <h6>
        title
      </h6>
      <h6
        className="text-warning text-slanted"
      >
        provided by publisher
      </h6>
    </div>
    <div
      className="card-footer"
    >
      <a
        className="btn btn-primary text-capitalize"
        href="#/recipes/123"
      >
        details
      </a>
      <a
        className="btn btn-success mx-2 text-capitalize"
        href="sourceUrl"
        rel="noopener noreferrer"
        target="_blank"
      >
        recipe url
      </a>
    </div>
  </div>
</div>
`;
