// Jest Snapshot v1, https://goo.gl/fbAQLP

exports[`Default snapshot should correct renderer 1`] = `
<header>
  <div
    className="container-fluid"
  >
    <div
      className="row align-items-center default-hero"
    >
      <div
        className="col text-center text-slanted"
      >
        <h1
          className="text-light text-uppercase display-3 letter-spacing text-slander"
        >
          404
        </h1>
        <h2
          className="text-light text-uppercase"
        >
          You are in the wrong place
        </h2>
        <a
          className="text-uppercase btn btn-secondary btn-lg mt-3"
          href="#/"
        >
          Return Home
        </a>
      </div>
    </div>
  </div>
</header>
`;
